[90m2026-07-30T12:08:08.808Z[39m [96mINFO[39m [97m@wdio/browserstack-service[39m BrowserStack service started with id: e430c141-bfd0-4d2a-ab60-082ebdda4ae2
[90m2026-07-30T12:08:08.809Z[39m [32mDEBUG[39m [97m@wdio/browserstack-service[39m _options data: {"browserstackLocal":true,"testObservability":false,"accessibility":false}
[90m2026-07-30T12:08:08.809Z[39m [32mDEBUG[39m [97m@wdio/browserstack-service[39m webdriver capabilities data: [{"browserName":"Chrome","bstack:options":{"projectName":"use-resize-observer","buildName":"local","local":true,"seleniumVersion":"4.20.0","os":"Windows","osVersion":"11","browserVersion":"latest"}},{"browserName":"Firefox","bstack:options":{"projectName":"use-resize-observer","buildName":"local","local":true,"seleniumVersion":"4.20.0","os":"Windows","osVersion":"11","browserVersion":"latest"}},{"browserName":"Edge","bstack:options":{"projectName":"use-resize-observer","buildName":"local","local":true,"seleniumVersion":"4.20.0","os":"Windows","osVersion":"11","browserVersion":"latest"}},{"browserName":"Safari","bstack:options":{"projectName":"use-resize-observer","buildName":"local","local":true,"seleniumVersion":"4.20.0","os":"OS X","osVersion":"Sequoia","browserVersion":"latest"}},{"browserName":"Safari","bstack:options":{"projectName":"use-resize-observer","buildName":"local","local":true,"seleniumVersion":"4.20.0","os":"OS X","osVersion":"Catalina","browserVersion":"13.0"}},{"browserName":"safari","bstack:options":{"projectName":"use-resize-observer","buildName":"local","local":true,"seleniumVersion":"4.20.0","deviceName":"iPhone 11","osVersion":"14","realMobile":true}},{"browserName":"chrome","bstack:options":{"projectName":"use-resize-observer","buildName":"local","local":true,"seleniumVersion":"4.20.0","deviceName":"Samsung Galaxy Note 10","osVersion":"9.0","realMobile":true}}]
[90m2026-07-30T12:08:08.809Z[39m [32mDEBUG[39m [97m@wdio/browserstack-service[39m _config data: {"rootDir":"/home/zeecoder/work/use-resize-observer/tests/e2e","specs":["./specs/**/*.e2e.ts"],"suites":{},"exclude":[],"capabilities":[],"logLevel":"warn","logLevels":{},"groupLogsByTestSpec":false,"excludeDriverLogs":[],"bail":0,"waitforInterval":100,"waitforTimeout":15000,"framework":"mocha","reporters":["spec"],"services":[["browserstack",{"browserstackLocal":true,"testObservability":false,"accessibility":false}],["static-server",{"folders":[{"mount":"/","path":"./app"}],"port":4567}]],"maxInstances":5,"maxInstancesPerCapability":100,"injectGlobals":true,"filesToWatch":[],"connectionRetryTimeout":120000,"connectionRetryCount":3,"execArgv":[],"runnerEnv":{},"runner":"local","shard":{"current":1,"total":1},"specFileRetries":0,"specFileRetriesDelay":0,"specFileRetriesDeferred":false,"autoAssertOnTestEnd":true,"reporterSyncInterval":100,"reporterSyncTimeout":5000,"cucumberFeaturesWithLineNumbers":[],"mochaOpts":{"timeout":60000,"ui":"bdd"},"jasmineOpts":{"defaultTimeoutInterval":10000},"cucumberOpts":{"timeout":10000},"onPrepare":[],"onWorkerStart":[],"onWorkerEnd":[],"before":[],"beforeSession":[],"beforeSuite":[],"beforeHook":[],"beforeTest":[],"beforeCommand":[],"afterCommand":[],"afterTest":[],"afterHook":[],"afterSuite":[],"afterSession":[],"after":[],"onComplete":[],"onReload":[],"beforeAssertion":[],"afterAssertion":[],"beforeFeature":[],"beforeScenario":[],"beforeStep":[],"afterStep":[],"afterScenario":[],"afterFeature":[],"_":["run","run"],"$0":"node_modules/.pnpm/@wdio+cli@9.30.0_@types+node@22.20.1_expect-webdriverio@5.7.0_@wdio+globals@9.29.1_@wdi_61363934505fc4bbdbd07027066ab05a/node_modules/@wdio/cli/bin/wdio.js","config-path":"tests/e2e/wdio.conf.ts","tsConfigPath":"./tsconfig.json","baseUrl":"http://localhost:4567"}
[90m2026-07-30T12:08:08.811Z[39m [32mDEBUG[39m [97m@wdio/browserstack-service[39m username/accesskey not passed
[90m2026-07-30T12:08:08.826Z[39m [32mDEBUG[39m [97m@wdio/browserstack-service[39m Timestamp conversion for sdk:funnel:test-attempted: 899.772854 -> 1785413288811.649 (timeOrigin: 1785413287911.876)
[90m2026-07-30T12:08:08.814Z[39m [96mINFO[39m [97m@wdio/browserstack-service[39m startMain: Starting main process
[90m2026-07-30T12:08:08.814Z[39m [32mDEBUG[39m [97m@wdio/browserstack-service[39m Configuring Cli path.
[90m2026-07-30T12:08:08.814Z[39m [32mDEBUG[39m [97m@wdio/browserstack-service[39m File /home/zeecoder/.browserstack already exist
[90m2026-07-30T12:08:08.814Z[39m [96mINFO[39m [97m@wdio/browserstack-service[39m Current CLI Path Found: 
[90m2026-07-30T12:08:09.694Z[39m [32mDEBUG[39m [97m@wdio/browserstack-service[39m response {"message":"Unauthorized"}
[90m2026-07-30T12:08:09.739Z[39m [32mDEBUG[39m [97m@wdio/browserstack-service[39m Is CLI running false
[90m2026-07-30T12:08:09.695Z[39m [32mDEBUG[39m [97m@wdio/browserstack-service[39m Resolved binary path: 
[90m2026-07-30T12:08:09.738Z[39m [31mERROR[39m [97m@wdio/browserstack-service[39m bootstrap: failed to bootstrap Error: Failed to get CLI binary path. CLI setup failed.
    at _BrowserstackCLI.start (/home/zeecoder/work/use-resize-observer/node_modules/.pnpm/@wdio+browserstack-service@9.33.0_@wdio+cli@9.30.0_@types+node@22.20.1_expect-webdriver_efdcdba6a8775d76667d0b56685be38b/node_modules/@wdio/browserstack-service/build/index.js:16363:17)
    at process.processTicksAndRejections (node:internal/process/task_queues:104:5)
    at async _BrowserstackCLI.startMain (/home/zeecoder/work/use-resize-observer/node_modules/.pnpm/@wdio+browserstack-service@9.33.0_@wdio+cli@9.30.0_@types+node@22.20.1_expect-webdriver_efdcdba6a8775d76667d0b56685be38b/node_modules/@wdio/browserstack-service/build/index.js:16251:9)
    at async _BrowserstackCLI.bootstrap (/home/zeecoder/work/use-resize-observer/node_modules/.pnpm/@wdio+browserstack-service@9.33.0_@wdio+cli@9.30.0_@types+node@22.20.1_expect-webdriver_efdcdba6a8775d76667d0b56685be38b/node_modules/@wdio/browserstack-service/build/index.js:16237:11)
    at async BrowserstackLauncherService.onPrepare (/home/zeecoder/work/use-resize-observer/node_modules/.pnpm/@wdio+browserstack-service@9.33.0_@wdio+cli@9.30.0_@types+node@22.20.1_expect-webdriver_efdcdba6a8775d76667d0b56685be38b/node_modules/@wdio/browserstack-service/build/index.js:18686:9)
[90m2026-07-30T12:08:09.739Z[39m [32mDEBUG[39m [97m@wdio/browserstack-service[39m stop: CLI stop triggered
[90m2026-07-30T12:08:09.739Z[39m [32mDEBUG[39m [97m@wdio/browserstack-service[39m Unconfiguring modules
[90m2026-07-30T12:08:09.739Z[39m [32mDEBUG[39m [97m@wdio/browserstack-service[39m app is not defined in browserstack-service config, skipping ...
[90m2026-07-30T12:08:09.739Z[39m [33mWARN[39m [97m@wdio/browserstack-service[39m Accessibility Automation will run only on Chrome browsers.
[90m2026-07-30T12:08:09.739Z[39m [33mWARN[39m [97m@wdio/browserstack-service[39m Accessibility Automation will run only on Chrome browsers.
[90m2026-07-30T12:08:09.740Z[39m [33mWARN[39m [97m@wdio/browserstack-service[39m Accessibility Automation will run only on Chrome browsers.
[90m2026-07-30T12:08:09.740Z[39m [33mWARN[39m [97m@wdio/browserstack-service[39m Accessibility Automation will run only on Chrome browsers.
[90m2026-07-30T12:08:09.740Z[39m [33mWARN[39m [97m@wdio/browserstack-service[39m Accessibility Automation will run only on Chrome browsers.
[90m2026-07-30T12:08:09.744Z[39m [32mDEBUG[39m [97m@wdio/browserstack-service[39m Timestamp conversion for sdk:automationFrameworkInit: 899.663314 -> 1785413288811.5393 (timeOrigin: 1785413287911.876)
[90m2026-07-30T12:08:09.744Z[39m [32mDEBUG[39m [97m@wdio/browserstack-service[39m Timestamp conversion for sdk:automationFrameworkStart: 902.069627 -> 1785413288813.9456 (timeOrigin: 1785413287911.876)
[90m2026-07-30T12:08:09.744Z[39m [32mDEBUG[39m [97m@wdio/browserstack-service[39m Timestamp conversion for sdk:cli:on-bootstrap: 902.443381 -> 1785413288814.3193 (timeOrigin: 1785413287911.876)
[90m2026-07-30T12:08:09.744Z[39m [32mDEBUG[39m [97m@wdio/browserstack-service[39m Timestamp conversion for sdk:cli:check-update: 903.0285 -> 1785413288814.9045 (timeOrigin: 1785413287911.876)
[90m2026-07-30T12:08:14.902Z[39m [32mDEBUG[39m [97m@wdio/browserstack-service[39m Handling CLI cleanup in exit handler
[90m2026-07-30T12:08:15.103Z[39m [32mDEBUG[39m [97m@wdio/browserstack-service[39m [Performance Upload] Starting upload for worker 106126
[90m2026-07-30T12:08:15.106Z[39m [32mDEBUG[39m [97m@wdio/browserstack-service[39m [Performance Upload] Total events from files: 0
[90m2026-07-30T12:08:15.937Z[39m [32mDEBUG[39m [97m@wdio/browserstack-service[39m [Performance Upload] Successfully uploaded to EDS: Bravo
[90m2026-07-30T12:08:15.937Z[39m [32mDEBUG[39m [97m@wdio/browserstack-service[39m [Performance Upload] Cleaned up 0 temporary report files
